// Jest Snapshot v1, https://goo.gl/fbAQLP

exports[`SelectedWeather Component should render without errors 1`] = `
<div
  className="SelectedWeatherStyles"
  id="abc123"
>
  <SelectedWeatherInfo
    cityName="Tel-Aviv"
    countryName="Israel"
    date="18/10/2019"
    day="Friday"
    infoLink="www"
    isLoading={false}
    temperature={
      Object {
        "Metric": Object {
          "Unit": "C",
          "Value": 20,
        },
      }
    }
  />
  <p>
    warm
  </p>
  <button>
    <FavIcon
      isFavorite={false}
    />
  </button>
</div>
`;
