// Jest Snapshot v1, https://goo.gl/fbAQLP

exports[`SelectedWeather Component should render without errors 1`] = `
<div
  className="SelectedWeatherStyles"
>
  <SelectedWeatherInfo
    infoLink="www"
    isLoading={false}
    temperature={
      Object {
        "Metric": Object {
          "Unit": "C",
          "Value": 20,
        },
      }
    }
  />
  <p>
    abc
  </p>
  <button>
    <FavIcon
      isFavorite={false}
    />
  </button>
</div>
`;
