// Jest Snapshot v1, https://goo.gl/fbAQLP

exports[`SelectedWeather Component should render without errors 1`] = `
<div
  className="SelectedWeatherStyles"
>
  <div
    className="testDiv"
  >
    Img
  </div>
  <p>
    Current weather forcast
  </p>
  <button>
    <FavIcon
      isFavorite={false}
    />
  </button>
</div>
`;
