// Jest Snapshot v1, https://goo.gl/fbAQLP

exports[`NavItems component should render without errors 1`] = `
<div
  className="NavItemsStyles"
>
  <Item
    link="/"
  >
    Home
  </Item>
  <Item
    link="/favorites"
  >
    Favorites
  </Item>
  <Item
    link="/about"
  >
    About
  </Item>
</div>
`;
