// Jest Snapshot v1, https://goo.gl/fbAQLP

exports[`FavoritesList componenet should display a message if there are no favorites to display 1`] = `
<div
  className="FavoritesListStyles"
/>
`;

exports[`FavoritesList componenet should render without errors 1`] = `
<div
  className="FavoritesListStyles"
>
  <div
    className="CardWrapper"
    key="123"
    onClick={[Function]}
  >
    <Card
      description="warm"
      mainHeading="munich, germany"
      temperatures="23"
    />
  </div>
  <div
    className="CardWrapper"
    key="456"
    onClick={[Function]}
  >
    <Card
      description="warm"
      mainHeading="germering, germany"
      temperatures="24"
    />
  </div>
</div>
`;
