// Jest Snapshot v1, https://goo.gl/fbAQLP

exports[`FiveDaysWeather component should render the component without errors 1`] = `
<div
  className="FiveDaysForecastStyles"
>
  <ul>
    <ForecastCard
      date="10-05-19"
      description="Warm"
      link="www"
      mainHeading="Friday"
      maxTempData="20 C"
      minTempData="30 C"
    />
    <ForecastCard
      date="10-05-19"
      description="Warm"
      link="www"
      mainHeading="Saturday"
      maxTempData="20 C"
      minTempData="30 C"
    />
    <ForecastCard
      date="10-05-19"
      description="Warm"
      link="www"
      mainHeading="Sunday"
      maxTempData="20 C"
      minTempData="30 C"
    />
    <ForecastCard
      date="10-05-19"
      description="Warm"
      link="www"
      mainHeading="Monday"
      maxTempData="20 C"
      minTempData="30 C"
    />
    <ForecastCard
      date="10-05-19"
      description="Warm"
      link="www"
      mainHeading="Tuesday"
      maxTempData="20 C"
      minTempData="30 C"
    />
  </ul>
</div>
`;
