// Jest Snapshot v1, https://goo.gl/fbAQLP

exports[`SearchContainer Component should render without errors 1`] = `
<div
  className="SearchContainerStyles"
>
  <Input
    data="search"
    elementConfig={
      Object {
        "label": "",
        "max": 30,
        "min": 1,
        "placeholder": "Please enter a city name",
        "type": "search",
      }
    }
    elementType="input"
    handleChange={[Function]}
    handleEnterPress={[Function]}
    isFocused={false}
    validation={
      Object {
        "errorMessage": "Input should have at least one character long",
        "hasUserInput": false,
        "required": false,
        "valid": true,
      }
    }
    value=""
  />
</div>
`;
